// Jest Snapshot v1, https://goo.gl/fbAQLP

exports[`<RestaurantCard /> should match the snapshot 1`] = `
<div
  class="sc-gswNZR eXtlfA"
>
  <a
    href="/restaurant/1"
  >
    <img
      alt="Foto do restaurante arabek"
      src=""
    />
    <h6
      class="sc-bcXHqe cEJMAp"
      color="white"
    >
      arabek
    </h6>
  </a>
</div>
`;
