// Jest Snapshot v1, https://goo.gl/fbAQLP

exports[`<FormSearch /> should match the snapshot 1`] = `
<form
  aria-label="form"
  class="sc-bcXHqe dFNhKi"
>
  <img
    alt="Ã­cone de pesquisa"
    src=""
  />
  <input
    placeholder="Encontre um restaurante"
    type="text"
    value=""
  />
</form>
`;
