// Jest Snapshot v1, https://goo.gl/fbAQLP

exports[`<RestaurantHeader /> should match the snapshot 1`] = `
<header
  class="sc-bcXHqe jLBTwN"
>
  <div
    class="sc-gswNZR gdmCMg"
  >
    <img
      alt="botÃ£o de voltar"
      src="left-arrow.svg"
    />
    <span
      class="sc-eDvSVe deGIFn"
      color="white"
      font-size="xxsmall"
      font-weight="800"
    >
      Voltar
    </span>
  </div>
  <div
    class="sc-dkrFOg eeNFKa"
  >
    <img
      alt="logomarca do restaurante arabek"
      src=""
    />
    <div>
      <h1
        class="sc-hLBbgP ljIFmN"
      >
        arabek
      </h1>
      <p
        class="sc-eDvSVe dsvcDV"
      >
        551143829385
        <br />
        http://www.arabek.com.br
      </p>
    </div>
  </div>
</header>
`;
